2026-08-13 23:56:37,470 | INFO | Discovery scan | file=07-30_inv.xlsx | sheet=Sheet1 | header_row=0 | header_count=13
2026-08-13 23:56:37,502 | INFO | Discovery scan | file=Awards.xlsx | sheet=Sheet1 | header_row=0 | header_count=7
2026-08-13 23:56:37,533 | INFO | Discovery scan | file=Buying_groups.xlsx | sheet=Sheet1 | header_row=0 | header_count=2
2026-08-13 23:56:37,549 | INFO | Discovery scan | file=CIP.xlsx | sheet=Sheet1 | header_row=0 | header_count=4
2026-08-13 23:56:37,565 | INFO | Discovery scan | file=Mat_Desc,_MOQ_,_Material_#.xlsx | sheet=Sheet1 | header_row=0 | header_count=4
2026-08-13 23:56:37,580 | INFO | Discovery scan | file=Open_Order_Summary.xlsx | sheet=Sheet1 | header_row=3 | header_count=21
2026-08-13 23:56:37,596 | INFO | Discovery scan | file=POB.xlsx | sheet=Sheet1 | header_row=0 | header_count=16
2026-08-13 23:56:37,627 | INFO | Discovery scan | file=raw_OB.xlsx | sheet=UOB | header_row=0 | header_count=34
2026-08-13 23:56:37,643 | INFO | Discovery scan | file=sales_summ.xlsx | sheet=Sheet1 | header_row=0 | header_count=37
2026-08-13 23:56:37,674 | INFO | Discovery scan | file=Strend.xlsx | sheet=Sheet1 | header_row=3 | header_count=66
2026-08-13 23:56:37,674 | INFO | Resolved source 'orderbook' (Orderbook) -> file=raw_OB.xlsx | sheet=UOB
2026-08-13 23:56:37,674 | INFO | Resolved source 'moq' (Material Description / MOQ Master) -> file=Mat_Desc,_MOQ_,_Material_#.xlsx | sheet=Sheet1
2026-08-13 23:56:37,674 | INFO | Resolved source 'inventory' (Daily Inventory) -> file=07-30_inv.xlsx | sheet=Sheet1
2026-08-13 23:56:37,674 | INFO | Resolved source 'open_order_summary' (Open Order Summary) -> file=Open_Order_Summary.xlsx | sheet=Sheet1
2026-08-13 23:56:37,674 | INFO | Resolved source 'buying_groups' (Buying Groups) -> file=Buying_groups.xlsx | sheet=Sheet1
2026-08-13 23:56:37,674 | INFO | Resolved source 'awards' (Awards) -> file=Awards.xlsx | sheet=Sheet1
2026-08-13 23:56:37,674 | INFO | Resolved source 'critical_inventory_tracker' (Critical Inventory Tracker (CIP)) -> file=CIP.xlsx | sheet=Sheet1
2026-08-13 23:56:37,674 | INFO | Resolved source 'sales_summary' (Sales Summary) -> file=sales_summ.xlsx | sheet=Sheet1
2026-08-13 23:56:37,674 | INFO | Resolved source 'sales_trend' (Sales Trend (Strend)) -> file=Strend.xlsx | sheet=Sheet1
2026-08-13 23:56:37,721 | INFO | Loaded workbook=raw_OB.xlsx sheet=UOB rows=8 cols=34
2026-08-13 23:56:37,733 | INFO | Loaded workbook=Mat_Desc,_MOQ_,_Material_#.xlsx sheet=Sheet1 rows=4 cols=4
2026-08-13 23:56:37,753 | INFO | Loaded workbook=07-30_inv.xlsx sheet=Sheet1 rows=16 cols=13
2026-08-13 23:56:37,769 | INFO | Loaded workbook=Open_Order_Summary.xlsx sheet=Sheet1 rows=7 cols=21
2026-08-13 23:56:37,816 | INFO | Loaded workbook=Buying_groups.xlsx sheet=Sheet1 rows=677 cols=2
2026-08-13 23:56:37,847 | INFO | Loaded workbook=Awards.xlsx sheet=Sheet1 rows=129 cols=7
2026-08-13 23:56:37,863 | INFO | Loaded workbook=CIP.xlsx sheet=Sheet1 rows=10 cols=4
2026-08-13 23:56:37,878 | INFO | Loaded workbook=sales_summ.xlsx sheet=Sheet1 rows=1 cols=37
2026-08-13 23:56:38,051 | INFO | Loaded workbook=Strend.xlsx sheet=Sheet1 rows=101 cols=66
2026-08-14 00:20:38,538 | INFO | Discovery scan | file=07-30_inv.xlsx | sheet=Sheet1 | header_row=0 | header_count=13
2026-08-14 00:20:38,600 | INFO | Discovery scan | file=Awards.xlsx | sheet=Sheet1 | header_row=0 | header_count=7
2026-08-14 00:20:38,648 | INFO | Discovery scan | file=Buying_groups.xlsx | sheet=Sheet1 | header_row=0 | header_count=2
2026-08-14 00:20:38,660 | INFO | Discovery scan | file=CIP.xlsx | sheet=Sheet1 | header_row=0 | header_count=4
2026-08-14 00:20:38,680 | INFO | Discovery scan | file=Mat_Desc,_MOQ_,_Material_#.xlsx | sheet=Sheet1 | header_row=0 | header_count=4
2026-08-14 00:20:38,700 | INFO | Discovery scan | file=Open_Order_Summary.xlsx | sheet=Sheet1 | header_row=3 | header_count=21
2026-08-14 00:20:38,713 | INFO | Discovery scan | file=POB.xlsx | sheet=Sheet1 | header_row=0 | header_count=16
2026-08-14 00:20:38,739 | INFO | Discovery scan | file=raw_OB.xlsx | sheet=UOB | header_row=0 | header_count=34
2026-08-14 00:20:38,758 | INFO | Discovery scan | file=sales_summ.xlsx | sheet=Sheet1 | header_row=0 | header_count=37
2026-08-14 00:20:38,798 | INFO | Discovery scan | file=Strend.xlsx | sheet=Sheet1 | header_row=3 | header_count=66
2026-08-14 00:20:38,798 | WARNING | Skipping unreadable workbook '~$POB.xlsx': [Errno 13] Permission denied: 'G:\\Support\\orderbook\\Jayanth\\~$POB.xlsx'
2026-08-14 00:20:38,808 | INFO | Resolved source 'orderbook' (Orderbook) -> file=raw_OB.xlsx | sheet=UOB
2026-08-14 00:20:38,808 | INFO | Resolved source 'moq' (Material Description / MOQ Master) -> file=Mat_Desc,_MOQ_,_Material_#.xlsx | sheet=Sheet1
2026-08-14 00:20:38,808 | INFO | Resolved source 'inventory' (Daily Inventory) -> file=07-30_inv.xlsx | sheet=Sheet1
2026-08-14 00:20:38,808 | INFO | Resolved source 'open_order_summary' (Open Order Summary) -> file=Open_Order_Summary.xlsx | sheet=Sheet1
2026-08-14 00:20:38,808 | INFO | Resolved source 'buying_groups' (Buying Groups) -> file=Buying_groups.xlsx | sheet=Sheet1
2026-08-14 00:20:38,808 | INFO | Resolved source 'awards' (Awards) -> file=Awards.xlsx | sheet=Sheet1
2026-08-14 00:20:38,808 | INFO | Resolved source 'critical_inventory_tracker' (Critical Inventory Tracker (CIP)) -> file=CIP.xlsx | sheet=Sheet1
2026-08-14 00:20:38,808 | INFO | Resolved source 'sales_summary' (Sales Summary) -> file=sales_summ.xlsx | sheet=Sheet1
2026-08-14 00:20:38,808 | INFO | Resolved source 'sales_trend' (Sales Trend (Strend)) -> file=Strend.xlsx | sheet=Sheet1
2026-08-14 00:20:38,843 | INFO | Loaded workbook=raw_OB.xlsx sheet=UOB rows=8 cols=34
2026-08-14 00:20:38,858 | INFO | Loaded workbook=Mat_Desc,_MOQ_,_Material_#.xlsx sheet=Sheet1 rows=4 cols=4
2026-08-14 00:20:38,878 | INFO | Loaded workbook=07-30_inv.xlsx sheet=Sheet1 rows=16 cols=13
2026-08-14 00:20:38,898 | INFO | Loaded workbook=Open_Order_Summary.xlsx sheet=Sheet1 rows=7 cols=21
2026-08-14 00:20:38,958 | INFO | Loaded workbook=Buying_groups.xlsx sheet=Sheet1 rows=677 cols=2
2026-08-14 00:20:38,993 | INFO | Loaded workbook=Awards.xlsx sheet=Sheet1 rows=129 cols=7
2026-08-14 00:20:39,001 | INFO | Loaded workbook=CIP.xlsx sheet=Sheet1 rows=10 cols=4
2026-08-14 00:20:39,020 | INFO | Loaded workbook=sales_summ.xlsx sheet=Sheet1 rows=1 cols=37
2026-08-14 00:20:39,229 | INFO | Loaded workbook=Strend.xlsx sheet=Sheet1 rows=101 cols=66
