2026-08-19 18:58:23,989 | INFO | Starting Orderbook automation workflow
2026-08-19 18:58:23,989 | INFO | Application root=G:\Support\orderbook\part1\OrderbookAutomation\release | input_dir=G:\Support\orderbook\part1\OrderbookAutomation\release\input | output_dir=G:\Support\orderbook\part1\OrderbookAutomation\release\output | debug_mode=False
2026-08-19 18:58:24,004 | INFO | Discovery scan | file=07-30_inv.xlsx | sheet=Sheet1 | header_row=0 | header_count=13
2026-08-19 18:58:24,036 | INFO | Discovery scan | file=Awards.xlsx | sheet=Sheet1 | header_row=0 | header_count=7
2026-08-19 18:58:24,052 | INFO | Discovery scan | file=Buying_groups.xlsx | sheet=Sheet1 | header_row=0 | header_count=2
2026-08-19 18:58:24,068 | INFO | Discovery scan | file=CIP.xlsx | sheet=Sheet1 | header_row=0 | header_count=4
2026-08-19 18:58:24,068 | INFO | Discovery scan | file=MOQ.xlsx | sheet=Sheet1 | header_row=0 | header_count=4
2026-08-19 18:58:24,084 | INFO | Discovery scan | file=Open_Order_Summary.xlsx | sheet=Sheet1 | header_row=3 | header_count=21
2026-08-19 18:58:24,116 | INFO | Discovery scan | file=raw_OB.xlsx | sheet=UOB | header_row=0 | header_count=34
2026-08-19 18:58:24,148 | INFO | Discovery scan | file=Strend.xlsx | sheet=Sheet1 | header_row=3 | header_count=66
2026-08-19 18:58:24,148 | WARNING | Skipping unreadable workbook '~$Open_Order_Summary.xlsx': File is not a zip file
2026-08-19 18:58:24,148 | INFO | Resolved source 'orderbook' (Orderbook) -> file=raw_OB.xlsx | sheet=UOB
2026-08-19 18:58:24,148 | INFO | Resolved source 'moq' (Material Description / MOQ Master) -> file=MOQ.xlsx | sheet=Sheet1
2026-08-19 18:58:24,148 | INFO | Resolved source 'inventory' (Daily Inventory) -> file=07-30_inv.xlsx | sheet=Sheet1
2026-08-19 18:58:24,148 | INFO | Resolved source 'open_order_summary' (Open Order Summary) -> file=Open_Order_Summary.xlsx | sheet=Sheet1
2026-08-19 18:58:24,148 | INFO | Resolved source 'buying_groups' (Buying Groups) -> file=Buying_groups.xlsx | sheet=Sheet1
2026-08-19 18:58:24,148 | INFO | Resolved source 'awards' (Awards) -> file=Awards.xlsx | sheet=Sheet1
2026-08-19 18:58:24,148 | INFO | Resolved source 'critical_inventory_tracker' (Critical Inventory Tracker (CIP)) -> file=CIP.xlsx | sheet=Sheet1
2026-08-19 18:58:24,148 | WARNING | Optional source 'sales_summary' (Sales Summary) not found in input folder; skipping (not required for this workflow).
2026-08-19 18:58:24,148 | INFO | Resolved source 'sales_trend' (Sales Trend (Strend)) -> file=Strend.xlsx | sheet=Sheet1
2026-08-19 18:58:24,255 | INFO | Loaded workbook=raw_OB.xlsx sheet=UOB rows=8 cols=34
2026-08-19 18:58:24,270 | INFO | Loaded workbook=MOQ.xlsx sheet=Sheet1 rows=4 cols=4
2026-08-19 18:58:24,270 | INFO | Loaded workbook=07-30_inv.xlsx sheet=Sheet1 rows=16 cols=13
2026-08-19 18:58:24,302 | INFO | Loaded workbook=Open_Order_Summary.xlsx sheet=Sheet1 rows=7 cols=21
2026-08-19 18:58:24,333 | INFO | Loaded workbook=Buying_groups.xlsx sheet=Sheet1 rows=677 cols=2
2026-08-19 18:58:24,365 | INFO | Loaded workbook=Awards.xlsx sheet=Sheet1 rows=129 cols=7
2026-08-19 18:58:24,365 | INFO | Loaded workbook=CIP.xlsx sheet=Sheet1 rows=10 cols=4
2026-08-19 18:58:24,523 | INFO | Loaded workbook=Strend.xlsx sheet=Sheet1 rows=101 cols=66
2026-08-19 18:58:24,554 | WARNING | EMPTY_COLUMNS | workbook=Orderbook | worksheet=UOB | Completely blank columns: ['Floor limit Blk', 'Multiple of MOQ Blk', 'Expected Price Blk', 'SOM Indc.']
2026-08-19 18:58:24,554 | INFO | MISSING_OPTIONAL_WORKBOOK | workbook=Sales Summary | worksheet= | The 'Sales Summary' source was not loaded. Hint: Sales summary export (optional; not required for this workflow).
2026-08-19 18:58:24,554 | WARNING | BLANK_HEADERS | workbook=Sales Trend (Strend) | worksheet=Sheet1 | Blank raw headers found: 3
2026-08-19 18:58:24,554 | WARNING | Duplicate inventory NDC values detected: 12
2026-08-19 18:58:24,602 | INFO | UPS Inventory Hold Code Filter | total_inventory_rows=16 | blank_hold_codes=7 | excluded_hold_codes=9 | unique_ndcs_before=4 | unique_ndcs_after=3 | inventory_before_filter=40488.0 | inventory_after_filter=34152.0
2026-08-19 18:58:24,618 | WARNING | Missing inventory for allocated NDC values: 1
2026-08-19 18:58:24,633 | INFO | Derived inventory stats | inventory_rows=3 | allocated_rows=3 | unique_ndcs=4 | missing_inventory=1 | missing_allocations=1
2026-08-19 18:58:24,633 | WARNING | Optional 'sales_summary' input not found; skipping Lookup Key and MOQ Validation derived datasets for this run.
2026-08-19 18:58:24,633 | INFO | Phase 2 derived datasets kept in memory (production mode; no intermediate workbook written)
2026-08-19 18:58:24,633 | INFO | Phase 2 completed successfully
2026-08-19 18:58:24,647 | INFO | Lookup construction stats | total_rows=8 | rows_with_ndc=8 | rows_with_sold_to_party_name=8 | rows_with_valid_lookup=8 | rows_missing_lookup=0
2026-08-19 18:58:24,665 | INFO | 07-30_inv.xlsx lookup stats | total_rows=8 | values_normalized=0 | successful_matches=4 | unmatched_records=4 | duplicate_lookup_keys=12
2026-08-19 18:58:24,665 | INFO | 07-30_inv.xlsx merged using NDC Code | rows updated=4 | rows missing=3 | duplicate keys=12
2026-08-19 18:58:24,693 | INFO | Open_Order_Summary.xlsx lookup stats | total_rows=8 | values_normalized=0 | successful_matches=0 | unmatched_records=8 | duplicate_lookup_keys=3
2026-08-19 18:58:24,693 | INFO | Open_Order_Summary.xlsx merged using Sold To Party Name | rows updated=0 | rows missing=4 | duplicate keys=3
2026-08-19 18:58:24,693 | WARNING | Skipping sales_summ.xlsx because source dataframe is missing or empty
2026-08-19 18:58:24,714 | INFO | Strend.xlsx lookup stats | total_rows=8 | values_normalized=91 | successful_matches=8 | unmatched_records=0 | duplicate_lookup_keys=0
2026-08-19 18:58:24,714 | INFO | Strend.xlsx merged using Lookup | rows updated=8 | rows missing=99 | duplicate keys=0
2026-08-19 18:58:24,722 | INFO | CIP.xlsx lookup stats | total_rows=8 | values_normalized=0 | successful_matches=0 | unmatched_records=8 | duplicate_lookup_keys=0
2026-08-19 18:58:24,722 | INFO | CIP.xlsx merged using NDC Code | rows updated=0 | rows missing=10 | duplicate keys=0
2026-08-19 18:58:24,747 | INFO | Buying Group source loaded | source=Buying_groups.xlsx | priority=1 | raw_rows=677 | unique_customers=11 | exact_duplicates_removed=666 | same_tier_conflicts=0
2026-08-19 18:58:24,773 | INFO | Buying Group source loaded | source=Strend.xlsx | priority=2 | raw_rows=101 | unique_customers=53 | exact_duplicates_removed=48 | same_tier_conflicts=0
2026-08-19 18:58:24,790 | INFO | Buying Group source loaded | source=Open_Order_Summary.xlsx | priority=3 | raw_rows=7 | unique_customers=4 | exact_duplicates_removed=3 | same_tier_conflicts=0
2026-08-19 18:58:24,823 | INFO | Buying Group multi-source lookup | total_master_rows=8 | rows_after_merge=8 | unique_master_customers=1 | unique_source_customers=56 | exact_duplicates_removed=717 | same_priority_conflicts=0 | lower_priority_disagreements=2 | matched_rows=8 | not_found_rows=0 | duplicate_conflict_rows=0 | populated_rows=8 | blank_rows=0 | matches_by_source={'Strend.xlsx': 8}
2026-08-19 18:58:24,871 | INFO | Award lookup stats | source_rows=129 | total_master_rows=8 | rows_after_merge=8 | matched=0 (lookup=0, ndc=0) | not_found=8 | duplicate_conflict=0 | populated=0 | blank=8 | exact_duplicate_source_rows_removed=0 | conflicting_ndcs=2
2026-08-19 18:58:24,872 | INFO | Lookup construction stats | total_rows=8 | rows_with_ndc=8 | rows_with_sold_to_party_name=8 | rows_with_valid_lookup=8 | rows_missing_lookup=0
2026-08-19 18:58:24,872 | INFO | Business Master dataset kept in memory (production mode; no intermediate workbook written)
2026-08-19 18:58:24,872 | INFO | Phase 3 completed successfully
2026-08-19 18:58:24,872 | INFO | Determined reporting period from 'PO date': 2026-07
2026-08-19 18:58:24,872 | INFO | Historical sales stats | reporting_period=2026-07 | matched=8 | missing=0 | duplicate_keys=0
2026-08-19 18:58:24,893 | WARNING | MOQ_Issue could not be merged into the final dataset (missing source or key column)
2026-08-19 18:58:24,907 | INFO | SC Comments lookup stats | source_rows=10 | unique_source_ndcs=10 | total_master_rows=8 | rows_after_merge=8 | matched=0 | not_found=8 | duplicate_conflict=0 | populated=0 | blank=8 | exact_duplicate_source_rows_removed=0 | conflicting_ndcs=0 | used_date_column=False
2026-08-19 18:58:24,908 | INFO | Phase 4 enrichment stats | ups_inventory_matches=8 | moq_matches=0 | sc_comments_matches=0 | sc_comments_missing=8 | buying_group_missing=0 | award_missing=8
2026-08-19 18:58:24,910 | INFO | Business rules applied | controlled_products=0 | price_issues=0 | moq_issues=8 | low_ups_inventory=4
2026-08-19 18:58:24,910 | INFO | Historical sales merge stats | matched=8 | missing=0
2026-08-19 18:58:24,924 | INFO | Sales Summary aggregation stats | rows=2 | unique_lookups=2 | duplicate_lookups=0
2026-08-19 18:58:24,927 | INFO | Sales Summary kept in memory (production mode; no intermediate workbook written)
2026-08-19 18:58:24,927 | INFO | Orderbook grain validation passed | master_rows=8 | orderbook_rows=8 | dropped_records=0
2026-08-19 18:58:24,960 | INFO | POB Summary low UPS Inventory highlight | highlighted_cells=1
2026-08-19 18:58:24,976 | INFO | Wrote final POB workbook to G:\Support\orderbook\part1\OrderbookAutomation\release\output\POB.xlsx
2026-08-19 18:58:24,976 | INFO | Phase 4 completed successfully. POB saved to G:\Support\orderbook\part1\OrderbookAutomation\release\output\POB.xlsx
2026-08-19 18:58:24,976 | INFO | Workflow completed successfully in 0.98 seconds
2026-08-19 18:59:06,974 | INFO | Removed stale application-generated output files: POB.xlsx
2026-08-19 18:59:06,974 | INFO | Starting Orderbook automation workflow
2026-08-19 18:59:06,974 | INFO | Application root=G:\Support\orderbook\part1\OrderbookAutomation\release | input_dir=G:\Support\orderbook\part1\OrderbookAutomation\release\input | output_dir=G:\Support\orderbook\part1\OrderbookAutomation\release\output | debug_mode=False
2026-08-19 18:59:06,974 | INFO | Discovery scan | file=07-30_inv.xlsx | sheet=Sheet1 | header_row=0 | header_count=13
2026-08-19 18:59:06,990 | INFO | Discovery scan | file=Awards.xlsx | sheet=Sheet1 | header_row=0 | header_count=7
2026-08-19 18:59:07,013 | INFO | Discovery scan | file=Buying_groups.xlsx | sheet=Sheet1 | header_row=0 | header_count=2
2026-08-19 18:59:07,029 | INFO | Discovery scan | file=CIP.xlsx | sheet=Sheet1 | header_row=0 | header_count=4
2026-08-19 18:59:07,042 | INFO | Discovery scan | file=MOQ.xlsx | sheet=Sheet1 | header_row=0 | header_count=4
2026-08-19 18:59:07,057 | INFO | Discovery scan | file=Open_Order_Summary.xlsx | sheet=Sheet1 | header_row=3 | header_count=21
2026-08-19 18:59:07,074 | INFO | Discovery scan | file=raw_OB.xlsx | sheet=UOB | header_row=0 | header_count=34
2026-08-19 18:59:07,112 | INFO | Discovery scan | file=Strend.xlsx | sheet=Sheet1 | header_row=3 | header_count=66
2026-08-19 18:59:07,112 | WARNING | Skipping unreadable workbook '~$Open_Order_Summary.xlsx': File is not a zip file
2026-08-19 18:59:07,112 | INFO | Resolved source 'orderbook' (Orderbook) -> file=raw_OB.xlsx | sheet=UOB
2026-08-19 18:59:07,112 | INFO | Resolved source 'moq' (Material Description / MOQ Master) -> file=MOQ.xlsx | sheet=Sheet1
2026-08-19 18:59:07,112 | INFO | Resolved source 'inventory' (Daily Inventory) -> file=07-30_inv.xlsx | sheet=Sheet1
2026-08-19 18:59:07,112 | INFO | Resolved source 'open_order_summary' (Open Order Summary) -> file=Open_Order_Summary.xlsx | sheet=Sheet1
2026-08-19 18:59:07,112 | INFO | Resolved source 'buying_groups' (Buying Groups) -> file=Buying_groups.xlsx | sheet=Sheet1
2026-08-19 18:59:07,112 | INFO | Resolved source 'awards' (Awards) -> file=Awards.xlsx | sheet=Sheet1
2026-08-19 18:59:07,112 | INFO | Resolved source 'critical_inventory_tracker' (Critical Inventory Tracker (CIP)) -> file=CIP.xlsx | sheet=Sheet1
2026-08-19 18:59:07,112 | WARNING | Optional source 'sales_summary' (Sales Summary) not found in input folder; skipping (not required for this workflow).
2026-08-19 18:59:07,112 | INFO | Resolved source 'sales_trend' (Sales Trend (Strend)) -> file=Strend.xlsx | sheet=Sheet1
2026-08-19 18:59:07,144 | INFO | Loaded workbook=raw_OB.xlsx sheet=UOB rows=8 cols=34
2026-08-19 18:59:07,144 | INFO | Loaded workbook=MOQ.xlsx sheet=Sheet1 rows=4 cols=4
2026-08-19 18:59:07,160 | INFO | Loaded workbook=07-30_inv.xlsx sheet=Sheet1 rows=16 cols=13
2026-08-19 18:59:07,176 | INFO | Loaded workbook=Open_Order_Summary.xlsx sheet=Sheet1 rows=7 cols=21
2026-08-19 18:59:07,224 | INFO | Loaded workbook=Buying_groups.xlsx sheet=Sheet1 rows=677 cols=2
2026-08-19 18:59:07,240 | INFO | Loaded workbook=Awards.xlsx sheet=Sheet1 rows=129 cols=7
2026-08-19 18:59:07,256 | INFO | Loaded workbook=CIP.xlsx sheet=Sheet1 rows=10 cols=4
2026-08-19 18:59:07,414 | INFO | Loaded workbook=Strend.xlsx sheet=Sheet1 rows=101 cols=66
2026-08-19 18:59:07,430 | WARNING | EMPTY_COLUMNS | workbook=Orderbook | worksheet=UOB | Completely blank columns: ['Floor limit Blk', 'Multiple of MOQ Blk', 'Expected Price Blk', 'SOM Indc.']
2026-08-19 18:59:07,430 | INFO | MISSING_OPTIONAL_WORKBOOK | workbook=Sales Summary | worksheet= | The 'Sales Summary' source was not loaded. Hint: Sales summary export (optional; not required for this workflow).
2026-08-19 18:59:07,430 | WARNING | BLANK_HEADERS | workbook=Sales Trend (Strend) | worksheet=Sheet1 | Blank raw headers found: 3
2026-08-19 18:59:07,430 | WARNING | Duplicate inventory NDC values detected: 12
2026-08-19 18:59:07,430 | INFO | UPS Inventory Hold Code Filter | total_inventory_rows=16 | blank_hold_codes=7 | excluded_hold_codes=9 | unique_ndcs_before=4 | unique_ndcs_after=3 | inventory_before_filter=40488.0 | inventory_after_filter=34152.0
2026-08-19 18:59:07,446 | WARNING | Missing inventory for allocated NDC values: 1
2026-08-19 18:59:07,446 | INFO | Derived inventory stats | inventory_rows=3 | allocated_rows=3 | unique_ndcs=4 | missing_inventory=1 | missing_allocations=1
2026-08-19 18:59:07,446 | WARNING | Optional 'sales_summary' input not found; skipping Lookup Key and MOQ Validation derived datasets for this run.
2026-08-19 18:59:07,446 | INFO | Phase 2 derived datasets kept in memory (production mode; no intermediate workbook written)
2026-08-19 18:59:07,446 | INFO | Phase 2 completed successfully
2026-08-19 18:59:07,462 | INFO | Lookup construction stats | total_rows=8 | rows_with_ndc=8 | rows_with_sold_to_party_name=8 | rows_with_valid_lookup=8 | rows_missing_lookup=0
2026-08-19 18:59:07,484 | INFO | 07-30_inv.xlsx lookup stats | total_rows=8 | values_normalized=0 | successful_matches=4 | unmatched_records=4 | duplicate_lookup_keys=12
2026-08-19 18:59:07,484 | INFO | 07-30_inv.xlsx merged using NDC Code | rows updated=4 | rows missing=3 | duplicate keys=12
2026-08-19 18:59:07,497 | INFO | Open_Order_Summary.xlsx lookup stats | total_rows=8 | values_normalized=0 | successful_matches=0 | unmatched_records=8 | duplicate_lookup_keys=3
2026-08-19 18:59:07,497 | INFO | Open_Order_Summary.xlsx merged using Sold To Party Name | rows updated=0 | rows missing=4 | duplicate keys=3
2026-08-19 18:59:07,497 | WARNING | Skipping sales_summ.xlsx because source dataframe is missing or empty
2026-08-19 18:59:07,513 | INFO | Strend.xlsx lookup stats | total_rows=8 | values_normalized=91 | successful_matches=8 | unmatched_records=0 | duplicate_lookup_keys=0
2026-08-19 18:59:07,513 | INFO | Strend.xlsx merged using Lookup | rows updated=8 | rows missing=99 | duplicate keys=0
2026-08-19 18:59:07,528 | INFO | CIP.xlsx lookup stats | total_rows=8 | values_normalized=0 | successful_matches=0 | unmatched_records=8 | duplicate_lookup_keys=0
2026-08-19 18:59:07,528 | INFO | CIP.xlsx merged using NDC Code | rows updated=0 | rows missing=10 | duplicate keys=0
2026-08-19 18:59:07,544 | INFO | Buying Group source loaded | source=Buying_groups.xlsx | priority=1 | raw_rows=677 | unique_customers=11 | exact_duplicates_removed=666 | same_tier_conflicts=0
2026-08-19 18:59:07,592 | INFO | Buying Group source loaded | source=Strend.xlsx | priority=2 | raw_rows=101 | unique_customers=53 | exact_duplicates_removed=48 | same_tier_conflicts=0
2026-08-19 18:59:07,592 | INFO | Buying Group source loaded | source=Open_Order_Summary.xlsx | priority=3 | raw_rows=7 | unique_customers=4 | exact_duplicates_removed=3 | same_tier_conflicts=0
2026-08-19 18:59:07,624 | INFO | Buying Group multi-source lookup | total_master_rows=8 | rows_after_merge=8 | unique_master_customers=1 | unique_source_customers=56 | exact_duplicates_removed=717 | same_priority_conflicts=0 | lower_priority_disagreements=2 | matched_rows=8 | not_found_rows=0 | duplicate_conflict_rows=0 | populated_rows=8 | blank_rows=0 | matches_by_source={'Strend.xlsx': 8}
2026-08-19 18:59:07,674 | INFO | Award lookup stats | source_rows=129 | total_master_rows=8 | rows_after_merge=8 | matched=0 (lookup=0, ndc=0) | not_found=8 | duplicate_conflict=0 | populated=0 | blank=8 | exact_duplicate_source_rows_removed=0 | conflicting_ndcs=2
2026-08-19 18:59:07,676 | INFO | Lookup construction stats | total_rows=8 | rows_with_ndc=8 | rows_with_sold_to_party_name=8 | rows_with_valid_lookup=8 | rows_missing_lookup=0
2026-08-19 18:59:07,676 | INFO | Business Master dataset kept in memory (production mode; no intermediate workbook written)
2026-08-19 18:59:07,676 | INFO | Phase 3 completed successfully
2026-08-19 18:59:07,676 | INFO | Determined reporting period from 'PO date': 2026-07
2026-08-19 18:59:07,676 | INFO | Historical sales stats | reporting_period=2026-07 | matched=8 | missing=0 | duplicate_keys=0
2026-08-19 18:59:07,676 | WARNING | MOQ_Issue could not be merged into the final dataset (missing source or key column)
2026-08-19 18:59:07,692 | INFO | SC Comments lookup stats | source_rows=10 | unique_source_ndcs=10 | total_master_rows=8 | rows_after_merge=8 | matched=0 | not_found=8 | duplicate_conflict=0 | populated=0 | blank=8 | exact_duplicate_source_rows_removed=0 | conflicting_ndcs=0 | used_date_column=False
2026-08-19 18:59:07,692 | INFO | Phase 4 enrichment stats | ups_inventory_matches=8 | moq_matches=0 | sc_comments_matches=0 | sc_comments_missing=8 | buying_group_missing=0 | award_missing=8
2026-08-19 18:59:07,692 | INFO | Business rules applied | controlled_products=0 | price_issues=0 | moq_issues=8 | low_ups_inventory=4
2026-08-19 18:59:07,707 | INFO | Historical sales merge stats | matched=8 | missing=0
2026-08-19 18:59:07,707 | INFO | Sales Summary aggregation stats | rows=2 | unique_lookups=2 | duplicate_lookups=0
2026-08-19 18:59:07,707 | INFO | Sales Summary kept in memory (production mode; no intermediate workbook written)
2026-08-19 18:59:07,707 | INFO | Orderbook grain validation passed | master_rows=8 | orderbook_rows=8 | dropped_records=0
2026-08-19 18:59:07,739 | INFO | POB Summary low UPS Inventory highlight | highlighted_cells=1
2026-08-19 18:59:07,755 | INFO | Wrote final POB workbook to G:\Support\orderbook\part1\OrderbookAutomation\release\output\POB.xlsx
2026-08-19 18:59:07,755 | INFO | Phase 4 completed successfully. POB saved to G:\Support\orderbook\part1\OrderbookAutomation\release\output\POB.xlsx
2026-08-19 18:59:07,755 | INFO | Workflow completed successfully in 0.79 seconds
2026-08-19 18:59:08,516 | INFO | Removed stale application-generated output files: POB.xlsx
2026-08-19 18:59:08,516 | INFO | Starting Orderbook automation workflow
2026-08-19 18:59:08,516 | INFO | Application root=G:\Support\orderbook\part1\OrderbookAutomation\release | input_dir=G:\Support\orderbook\part1\OrderbookAutomation\release\input | output_dir=G:\Support\orderbook\part1\OrderbookAutomation\release\output | debug_mode=False
2026-08-19 18:59:08,531 | INFO | Discovery scan | file=07-30_inv.xlsx | sheet=Sheet1 | header_row=0 | header_count=13
2026-08-19 18:59:08,547 | INFO | Discovery scan | file=Awards.xlsx | sheet=Sheet1 | header_row=0 | header_count=7
2026-08-19 18:59:08,576 | INFO | Discovery scan | file=Buying_groups.xlsx | sheet=Sheet1 | header_row=0 | header_count=2
2026-08-19 18:59:08,579 | INFO | Discovery scan | file=CIP.xlsx | sheet=Sheet1 | header_row=0 | header_count=4
2026-08-19 18:59:08,595 | INFO | Discovery scan | file=MOQ.xlsx | sheet=Sheet1 | header_row=0 | header_count=4
2026-08-19 18:59:08,610 | INFO | Discovery scan | file=Open_Order_Summary.xlsx | sheet=Sheet1 | header_row=3 | header_count=21
2026-08-19 18:59:08,642 | INFO | Discovery scan | file=raw_OB.xlsx | sheet=UOB | header_row=0 | header_count=34
2026-08-19 18:59:08,676 | INFO | Discovery scan | file=Strend.xlsx | sheet=Sheet1 | header_row=3 | header_count=66
2026-08-19 18:59:08,676 | WARNING | Skipping unreadable workbook '~$Open_Order_Summary.xlsx': File is not a zip file
2026-08-19 18:59:08,676 | INFO | Resolved source 'orderbook' (Orderbook) -> file=raw_OB.xlsx | sheet=UOB
2026-08-19 18:59:08,676 | INFO | Resolved source 'moq' (Material Description / MOQ Master) -> file=MOQ.xlsx | sheet=Sheet1
2026-08-19 18:59:08,676 | INFO | Resolved source 'inventory' (Daily Inventory) -> file=07-30_inv.xlsx | sheet=Sheet1
2026-08-19 18:59:08,676 | INFO | Resolved source 'open_order_summary' (Open Order Summary) -> file=Open_Order_Summary.xlsx | sheet=Sheet1
2026-08-19 18:59:08,676 | INFO | Resolved source 'buying_groups' (Buying Groups) -> file=Buying_groups.xlsx | sheet=Sheet1
2026-08-19 18:59:08,676 | INFO | Resolved source 'awards' (Awards) -> file=Awards.xlsx | sheet=Sheet1
2026-08-19 18:59:08,676 | INFO | Resolved source 'critical_inventory_tracker' (Critical Inventory Tracker (CIP)) -> file=CIP.xlsx | sheet=Sheet1
2026-08-19 18:59:08,676 | WARNING | Optional source 'sales_summary' (Sales Summary) not found in input folder; skipping (not required for this workflow).
2026-08-19 18:59:08,676 | INFO | Resolved source 'sales_trend' (Sales Trend (Strend)) -> file=Strend.xlsx | sheet=Sheet1
2026-08-19 18:59:08,690 | INFO | Loaded workbook=raw_OB.xlsx sheet=UOB rows=8 cols=34
2026-08-19 18:59:08,708 | INFO | Loaded workbook=MOQ.xlsx sheet=Sheet1 rows=4 cols=4
2026-08-19 18:59:08,711 | INFO | Loaded workbook=07-30_inv.xlsx sheet=Sheet1 rows=16 cols=13
2026-08-19 18:59:08,729 | INFO | Loaded workbook=Open_Order_Summary.xlsx sheet=Sheet1 rows=7 cols=21
2026-08-19 18:59:08,776 | INFO | Loaded workbook=Buying_groups.xlsx sheet=Sheet1 rows=677 cols=2
2026-08-19 18:59:08,838 | INFO | Loaded workbook=Awards.xlsx sheet=Sheet1 rows=129 cols=7
2026-08-19 18:59:08,854 | INFO | Loaded workbook=CIP.xlsx sheet=Sheet1 rows=10 cols=4
2026-08-19 18:59:08,996 | INFO | Loaded workbook=Strend.xlsx sheet=Sheet1 rows=101 cols=66
2026-08-19 18:59:09,012 | WARNING | EMPTY_COLUMNS | workbook=Orderbook | worksheet=UOB | Completely blank columns: ['Floor limit Blk', 'Multiple of MOQ Blk', 'Expected Price Blk', 'SOM Indc.']
2026-08-19 18:59:09,012 | INFO | MISSING_OPTIONAL_WORKBOOK | workbook=Sales Summary | worksheet= | The 'Sales Summary' source was not loaded. Hint: Sales summary export (optional; not required for this workflow).
2026-08-19 18:59:09,012 | WARNING | BLANK_HEADERS | workbook=Sales Trend (Strend) | worksheet=Sheet1 | Blank raw headers found: 3
2026-08-19 18:59:09,012 | WARNING | Duplicate inventory NDC values detected: 12
2026-08-19 18:59:09,012 | INFO | UPS Inventory Hold Code Filter | total_inventory_rows=16 | blank_hold_codes=7 | excluded_hold_codes=9 | unique_ndcs_before=4 | unique_ndcs_after=3 | inventory_before_filter=40488.0 | inventory_after_filter=34152.0
2026-08-19 18:59:09,028 | WARNING | Missing inventory for allocated NDC values: 1
2026-08-19 18:59:09,028 | INFO | Derived inventory stats | inventory_rows=3 | allocated_rows=3 | unique_ndcs=4 | missing_inventory=1 | missing_allocations=1
2026-08-19 18:59:09,028 | WARNING | Optional 'sales_summary' input not found; skipping Lookup Key and MOQ Validation derived datasets for this run.
2026-08-19 18:59:09,028 | INFO | Phase 2 derived datasets kept in memory (production mode; no intermediate workbook written)
2026-08-19 18:59:09,028 | INFO | Phase 2 completed successfully
2026-08-19 18:59:09,028 | INFO | Lookup construction stats | total_rows=8 | rows_with_ndc=8 | rows_with_sold_to_party_name=8 | rows_with_valid_lookup=8 | rows_missing_lookup=0
2026-08-19 18:59:09,044 | INFO | 07-30_inv.xlsx lookup stats | total_rows=8 | values_normalized=0 | successful_matches=4 | unmatched_records=4 | duplicate_lookup_keys=12
2026-08-19 18:59:09,044 | INFO | 07-30_inv.xlsx merged using NDC Code | rows updated=4 | rows missing=3 | duplicate keys=12
2026-08-19 18:59:09,059 | INFO | Open_Order_Summary.xlsx lookup stats | total_rows=8 | values_normalized=0 | successful_matches=0 | unmatched_records=8 | duplicate_lookup_keys=3
2026-08-19 18:59:09,059 | INFO | Open_Order_Summary.xlsx merged using Sold To Party Name | rows updated=0 | rows missing=4 | duplicate keys=3
2026-08-19 18:59:09,059 | WARNING | Skipping sales_summ.xlsx because source dataframe is missing or empty
2026-08-19 18:59:09,088 | INFO | Strend.xlsx lookup stats | total_rows=8 | values_normalized=91 | successful_matches=8 | unmatched_records=0 | duplicate_lookup_keys=0
2026-08-19 18:59:09,088 | INFO | Strend.xlsx merged using Lookup | rows updated=8 | rows missing=99 | duplicate keys=0
2026-08-19 18:59:09,088 | INFO | CIP.xlsx lookup stats | total_rows=8 | values_normalized=0 | successful_matches=0 | unmatched_records=8 | duplicate_lookup_keys=0
2026-08-19 18:59:09,088 | INFO | CIP.xlsx merged using NDC Code | rows updated=0 | rows missing=10 | duplicate keys=0
2026-08-19 18:59:09,103 | INFO | Buying Group source loaded | source=Buying_groups.xlsx | priority=1 | raw_rows=677 | unique_customers=11 | exact_duplicates_removed=666 | same_tier_conflicts=0
2026-08-19 18:59:09,138 | INFO | Buying Group source loaded | source=Strend.xlsx | priority=2 | raw_rows=101 | unique_customers=53 | exact_duplicates_removed=48 | same_tier_conflicts=0
2026-08-19 18:59:09,151 | INFO | Buying Group source loaded | source=Open_Order_Summary.xlsx | priority=3 | raw_rows=7 | unique_customers=4 | exact_duplicates_removed=3 | same_tier_conflicts=0
2026-08-19 18:59:09,183 | INFO | Buying Group multi-source lookup | total_master_rows=8 | rows_after_merge=8 | unique_master_customers=1 | unique_source_customers=56 | exact_duplicates_removed=717 | same_priority_conflicts=0 | lower_priority_disagreements=2 | matched_rows=8 | not_found_rows=0 | duplicate_conflict_rows=0 | populated_rows=8 | blank_rows=0 | matches_by_source={'Strend.xlsx': 8}
2026-08-19 18:59:09,228 | INFO | Award lookup stats | source_rows=129 | total_master_rows=8 | rows_after_merge=8 | matched=0 (lookup=0, ndc=0) | not_found=8 | duplicate_conflict=0 | populated=0 | blank=8 | exact_duplicate_source_rows_removed=0 | conflicting_ndcs=2
2026-08-19 18:59:09,228 | INFO | Lookup construction stats | total_rows=8 | rows_with_ndc=8 | rows_with_sold_to_party_name=8 | rows_with_valid_lookup=8 | rows_missing_lookup=0
2026-08-19 18:59:09,228 | INFO | Business Master dataset kept in memory (production mode; no intermediate workbook written)
2026-08-19 18:59:09,228 | INFO | Phase 3 completed successfully
2026-08-19 18:59:09,228 | INFO | Determined reporting period from 'PO date': 2026-07
2026-08-19 18:59:09,228 | INFO | Historical sales stats | reporting_period=2026-07 | matched=8 | missing=0 | duplicate_keys=0
2026-08-19 18:59:09,244 | WARNING | MOQ_Issue could not be merged into the final dataset (missing source or key column)
2026-08-19 18:59:09,244 | INFO | SC Comments lookup stats | source_rows=10 | unique_source_ndcs=10 | total_master_rows=8 | rows_after_merge=8 | matched=0 | not_found=8 | duplicate_conflict=0 | populated=0 | blank=8 | exact_duplicate_source_rows_removed=0 | conflicting_ndcs=0 | used_date_column=False
2026-08-19 18:59:09,244 | INFO | Phase 4 enrichment stats | ups_inventory_matches=8 | moq_matches=0 | sc_comments_matches=0 | sc_comments_missing=8 | buying_group_missing=0 | award_missing=8
2026-08-19 18:59:09,259 | INFO | Business rules applied | controlled_products=0 | price_issues=0 | moq_issues=8 | low_ups_inventory=4
2026-08-19 18:59:09,259 | INFO | Historical sales merge stats | matched=8 | missing=0
2026-08-19 18:59:09,259 | INFO | Sales Summary aggregation stats | rows=2 | unique_lookups=2 | duplicate_lookups=0
2026-08-19 18:59:09,259 | INFO | Sales Summary kept in memory (production mode; no intermediate workbook written)
2026-08-19 18:59:09,259 | INFO | Orderbook grain validation passed | master_rows=8 | orderbook_rows=8 | dropped_records=0
2026-08-19 18:59:09,291 | INFO | POB Summary low UPS Inventory highlight | highlighted_cells=1
2026-08-19 18:59:09,307 | INFO | Wrote final POB workbook to G:\Support\orderbook\part1\OrderbookAutomation\release\output\POB.xlsx
2026-08-19 18:59:09,307 | INFO | Phase 4 completed successfully. POB saved to G:\Support\orderbook\part1\OrderbookAutomation\release\output\POB.xlsx
2026-08-19 18:59:09,307 | INFO | Workflow completed successfully in 0.79 seconds
2026-08-19 18:59:22,402 | INFO | Removed stale application-generated output files: Business_Master_Data.xlsx, Derived_Data.xlsx, POB.xlsx, Sales_Summary.xlsx, Workbook_Profile.xlsx
2026-08-19 18:59:22,418 | INFO | Starting Orderbook automation workflow
2026-08-19 18:59:22,418 | INFO | Application root=G:\Support\orderbook\part1\OrderbookAutomation\release | input_dir=G:\Support\orderbook\part1\OrderbookAutomation\release\input | output_dir=G:\Support\orderbook\part1\OrderbookAutomation\release\output | debug_mode=False
2026-08-19 18:59:22,434 | INFO | Discovery scan | file=07-30_inv.xlsx | sheet=Sheet1 | header_row=0 | header_count=13
2026-08-19 18:59:22,434 | INFO | Discovery scan | file=Awards.xlsx | sheet=Sheet1 | header_row=0 | header_count=7
2026-08-19 18:59:22,450 | INFO | Discovery scan | file=Buying_groups.xlsx | sheet=Sheet1 | header_row=0 | header_count=2
2026-08-19 18:59:22,466 | INFO | Discovery scan | file=CIP.xlsx | sheet=Sheet1 | header_row=0 | header_count=4
2026-08-19 18:59:22,482 | INFO | Discovery scan | file=MOQ.xlsx | sheet=Sheet1 | header_row=0 | header_count=4
2026-08-19 18:59:22,509 | INFO | Discovery scan | file=Open_Order_Summary.xlsx | sheet=Sheet1 | header_row=3 | header_count=21
2026-08-19 18:59:22,539 | INFO | Discovery scan | file=raw_OB.xlsx | sheet=UOB | header_row=0 | header_count=34
2026-08-19 18:59:22,576 | INFO | Discovery scan | file=Strend.xlsx | sheet=Sheet1 | header_row=3 | header_count=66
2026-08-19 18:59:22,576 | WARNING | Skipping unreadable workbook '~$Open_Order_Summary.xlsx': File is not a zip file
2026-08-19 18:59:22,576 | INFO | Resolved source 'orderbook' (Orderbook) -> file=raw_OB.xlsx | sheet=UOB
2026-08-19 18:59:22,576 | INFO | Resolved source 'moq' (Material Description / MOQ Master) -> file=MOQ.xlsx | sheet=Sheet1
2026-08-19 18:59:22,577 | INFO | Resolved source 'inventory' (Daily Inventory) -> file=07-30_inv.xlsx | sheet=Sheet1
2026-08-19 18:59:22,577 | INFO | Resolved source 'open_order_summary' (Open Order Summary) -> file=Open_Order_Summary.xlsx | sheet=Sheet1
2026-08-19 18:59:22,577 | INFO | Resolved source 'buying_groups' (Buying Groups) -> file=Buying_groups.xlsx | sheet=Sheet1
2026-08-19 18:59:22,577 | INFO | Resolved source 'awards' (Awards) -> file=Awards.xlsx | sheet=Sheet1
2026-08-19 18:59:22,577 | INFO | Resolved source 'critical_inventory_tracker' (Critical Inventory Tracker (CIP)) -> file=CIP.xlsx | sheet=Sheet1
2026-08-19 18:59:22,577 | WARNING | Optional source 'sales_summary' (Sales Summary) not found in input folder; skipping (not required for this workflow).
2026-08-19 18:59:22,577 | INFO | Resolved source 'sales_trend' (Sales Trend (Strend)) -> file=Strend.xlsx | sheet=Sheet1
2026-08-19 18:59:22,595 | INFO | Loaded workbook=raw_OB.xlsx sheet=UOB rows=8 cols=34
2026-08-19 18:59:22,611 | INFO | Loaded workbook=MOQ.xlsx sheet=Sheet1 rows=4 cols=4
2026-08-19 18:59:22,627 | INFO | Loaded workbook=07-30_inv.xlsx sheet=Sheet1 rows=16 cols=13
2026-08-19 18:59:22,643 | INFO | Loaded workbook=Open_Order_Summary.xlsx sheet=Sheet1 rows=7 cols=21
2026-08-19 18:59:22,690 | INFO | Loaded workbook=Buying_groups.xlsx sheet=Sheet1 rows=677 cols=2
2026-08-19 18:59:22,722 | INFO | Loaded workbook=Awards.xlsx sheet=Sheet1 rows=129 cols=7
2026-08-19 18:59:22,722 | INFO | Loaded workbook=CIP.xlsx sheet=Sheet1 rows=10 cols=4
2026-08-19 18:59:22,881 | INFO | Loaded workbook=Strend.xlsx sheet=Sheet1 rows=101 cols=66
2026-08-19 18:59:22,881 | WARNING | EMPTY_COLUMNS | workbook=Orderbook | worksheet=UOB | Completely blank columns: ['Floor limit Blk', 'Multiple of MOQ Blk', 'Expected Price Blk', 'SOM Indc.']
2026-08-19 18:59:22,881 | INFO | MISSING_OPTIONAL_WORKBOOK | workbook=Sales Summary | worksheet= | The 'Sales Summary' source was not loaded. Hint: Sales summary export (optional; not required for this workflow).
2026-08-19 18:59:22,881 | WARNING | BLANK_HEADERS | workbook=Sales Trend (Strend) | worksheet=Sheet1 | Blank raw headers found: 3
2026-08-19 18:59:22,897 | WARNING | Duplicate inventory NDC values detected: 12
2026-08-19 18:59:22,897 | INFO | UPS Inventory Hold Code Filter | total_inventory_rows=16 | blank_hold_codes=7 | excluded_hold_codes=9 | unique_ndcs_before=4 | unique_ndcs_after=3 | inventory_before_filter=40488.0 | inventory_after_filter=34152.0
2026-08-19 18:59:22,897 | WARNING | Missing inventory for allocated NDC values: 1
2026-08-19 18:59:22,897 | INFO | Derived inventory stats | inventory_rows=3 | allocated_rows=3 | unique_ndcs=4 | missing_inventory=1 | missing_allocations=1
2026-08-19 18:59:22,897 | WARNING | Optional 'sales_summary' input not found; skipping Lookup Key and MOQ Validation derived datasets for this run.
2026-08-19 18:59:22,913 | INFO | Phase 2 derived datasets kept in memory (production mode; no intermediate workbook written)
2026-08-19 18:59:22,913 | INFO | Phase 2 completed successfully
2026-08-19 18:59:22,913 | INFO | Lookup construction stats | total_rows=8 | rows_with_ndc=8 | rows_with_sold_to_party_name=8 | rows_with_valid_lookup=8 | rows_missing_lookup=0
2026-08-19 18:59:22,929 | INFO | 07-30_inv.xlsx lookup stats | total_rows=8 | values_normalized=0 | successful_matches=4 | unmatched_records=4 | duplicate_lookup_keys=12
2026-08-19 18:59:22,929 | INFO | 07-30_inv.xlsx merged using NDC Code | rows updated=4 | rows missing=3 | duplicate keys=12
2026-08-19 18:59:22,953 | INFO | Open_Order_Summary.xlsx lookup stats | total_rows=8 | values_normalized=0 | successful_matches=0 | unmatched_records=8 | duplicate_lookup_keys=3
2026-08-19 18:59:22,953 | INFO | Open_Order_Summary.xlsx merged using Sold To Party Name | rows updated=0 | rows missing=4 | duplicate keys=3
2026-08-19 18:59:22,953 | WARNING | Skipping sales_summ.xlsx because source dataframe is missing or empty
2026-08-19 18:59:22,977 | INFO | Strend.xlsx lookup stats | total_rows=8 | values_normalized=91 | successful_matches=8 | unmatched_records=0 | duplicate_lookup_keys=0
2026-08-19 18:59:22,977 | INFO | Strend.xlsx merged using Lookup | rows updated=8 | rows missing=99 | duplicate keys=0
2026-08-19 18:59:22,996 | INFO | CIP.xlsx lookup stats | total_rows=8 | values_normalized=0 | successful_matches=0 | unmatched_records=8 | duplicate_lookup_keys=0
2026-08-19 18:59:22,996 | INFO | CIP.xlsx merged using NDC Code | rows updated=0 | rows missing=10 | duplicate keys=0
2026-08-19 18:59:22,997 | INFO | Buying Group source loaded | source=Buying_groups.xlsx | priority=1 | raw_rows=677 | unique_customers=11 | exact_duplicates_removed=666 | same_tier_conflicts=0
2026-08-19 18:59:23,045 | INFO | Buying Group source loaded | source=Strend.xlsx | priority=2 | raw_rows=101 | unique_customers=53 | exact_duplicates_removed=48 | same_tier_conflicts=0
2026-08-19 18:59:23,045 | INFO | Buying Group source loaded | source=Open_Order_Summary.xlsx | priority=3 | raw_rows=7 | unique_customers=4 | exact_duplicates_removed=3 | same_tier_conflicts=0
2026-08-19 18:59:23,077 | INFO | Buying Group multi-source lookup | total_master_rows=8 | rows_after_merge=8 | unique_master_customers=1 | unique_source_customers=56 | exact_duplicates_removed=717 | same_priority_conflicts=0 | lower_priority_disagreements=2 | matched_rows=8 | not_found_rows=0 | duplicate_conflict_rows=0 | populated_rows=8 | blank_rows=0 | matches_by_source={'Strend.xlsx': 8}
2026-08-19 18:59:23,127 | INFO | Award lookup stats | source_rows=129 | total_master_rows=8 | rows_after_merge=8 | matched=0 (lookup=0, ndc=0) | not_found=8 | duplicate_conflict=0 | populated=0 | blank=8 | exact_duplicate_source_rows_removed=0 | conflicting_ndcs=2
2026-08-19 18:59:23,127 | INFO | Lookup construction stats | total_rows=8 | rows_with_ndc=8 | rows_with_sold_to_party_name=8 | rows_with_valid_lookup=8 | rows_missing_lookup=0
2026-08-19 18:59:23,127 | INFO | Business Master dataset kept in memory (production mode; no intermediate workbook written)
2026-08-19 18:59:23,127 | INFO | Phase 3 completed successfully
2026-08-19 18:59:23,127 | INFO | Determined reporting period from 'PO date': 2026-07
2026-08-19 18:59:23,143 | INFO | Historical sales stats | reporting_period=2026-07 | matched=8 | missing=0 | duplicate_keys=0
2026-08-19 18:59:23,143 | WARNING | MOQ_Issue could not be merged into the final dataset (missing source or key column)
2026-08-19 18:59:23,159 | INFO | SC Comments lookup stats | source_rows=10 | unique_source_ndcs=10 | total_master_rows=8 | rows_after_merge=8 | matched=0 | not_found=8 | duplicate_conflict=0 | populated=0 | blank=8 | exact_duplicate_source_rows_removed=0 | conflicting_ndcs=0 | used_date_column=False
2026-08-19 18:59:23,159 | INFO | Phase 4 enrichment stats | ups_inventory_matches=8 | moq_matches=0 | sc_comments_matches=0 | sc_comments_missing=8 | buying_group_missing=0 | award_missing=8
2026-08-19 18:59:23,159 | INFO | Business rules applied | controlled_products=0 | price_issues=0 | moq_issues=8 | low_ups_inventory=4
2026-08-19 18:59:23,159 | INFO | Historical sales merge stats | matched=8 | missing=0
2026-08-19 18:59:23,159 | INFO | Sales Summary aggregation stats | rows=2 | unique_lookups=2 | duplicate_lookups=0
2026-08-19 18:59:23,175 | INFO | Sales Summary kept in memory (production mode; no intermediate workbook written)
2026-08-19 18:59:23,175 | INFO | Orderbook grain validation passed | master_rows=8 | orderbook_rows=8 | dropped_records=0
2026-08-19 18:59:23,211 | INFO | POB Summary low UPS Inventory highlight | highlighted_cells=1
2026-08-19 18:59:23,223 | INFO | Wrote final POB workbook to G:\Support\orderbook\part1\OrderbookAutomation\release\output\POB.xlsx
2026-08-19 18:59:23,223 | INFO | Phase 4 completed successfully. POB saved to G:\Support\orderbook\part1\OrderbookAutomation\release\output\POB.xlsx
2026-08-19 18:59:23,223 | INFO | Workflow completed successfully in 0.81 seconds
